                                        @
                                       @@@
<result>
  <returnValue>
    0
  </returnValue>
</result>
